../Core/Src/ssd1306.c:22:13:ssd1306_write_command	32	static
../Core/Src/ssd1306.c:28:13:ssd1306_write_data	48	static
../Core/Src/ssd1306.c:47:13:ssd1306_reset_state	4	static
../Core/Src/ssd1306.c:53:6:SSD1306_Init	8	static
../Core/Src/ssd1306.c:110:6:SSD1306_UpdateScreen	16	static
../Core/Src/ssd1306.c:123:6:SSD1306_Fill	24	static
../Core/Src/ssd1306.c:131:6:SSD1306_SetCursor	16	static
../Core/Src/ssd1306.c:136:6:SSD1306_DrawPixel	24	static
../Core/Src/ssd1306.c:150:6:SSD1306_WriteChar	24	static
../Core/Src/ssd1306.c:184:6:SSD1306_WriteString	16	static
../Core/Src/ssd1306.c:199:6:SSD1306_DrawLine	48	static
../Core/Src/ssd1306.c:215:6:SSD1306_DrawRectangle	32	static
../Core/Src/ssd1306.c:222:6:SSD1306_FillRectangle	40	static
../Core/Src/ssd1306.c:228:6:SSD1306_DrawBitmap	40	static
../Core/Src/ssd1306.c:244:6:SSD1306_SetContrast	16	static
../Core/Src/ssd1306.c:249:6:SSD1306_SetDisplayOn	16	static
../Core/Src/ssd1306.c:253:6:SSD1306_InvertDisplay	16	static
../Core/Src/ssd1306.c:258:6:SSD1306_Debug_AllPixelsOn	8	static
../Core/Src/ssd1306.c:263:6:SSD1306_Debug_ResumeRAM	8	static
